
> konsut-ltd-invoice-sys@0.0.0 build
> tsc -b && vite build

node.exe : 'tsc' 
is not recognized 
as an internal or 
external command,
At C:\nvm4w\nodejs\
npm.ps1:16 char:5
+     & "$basedir/n
ode$exe"  "$basedir
/node_modules/npm/b
in/npm-cli.js" ...
+     ~~~~~~~~~~~~~
~~~~~~~~~~~~~~~~~~~
~~~~~~~~~~~~~~~~~~~
~~~~~~~~~~~~~~
    + CategoryInfo 
             : No  
  tSpecified: ('   
 tsc' is not re    
...ternal comm    
and,:String) [    
], RemoteExcep    
tion
    + FullyQualifi 
   edErrorId : Na  
  tiveCommandErr   
 or
 
operable program 
or batch file.
